Connect X Matchup Report
========================
Columns: 7
Rows: 6
Win Length: 4
First Player: agent_1
Second Player: agent_2
Number of Games: 10
Time Limit: 5 seconds
Win Percentage Threshold for Win: 10

Results:
First Player Wins: 5 (50.0)
Second Player Wins: 5 (50.0)
Draws: 0 (0.0)

Winner: NO CLEAR WINNER. The difference in win percentage is less than the threshold.
========================